[debug] [2025-04-14T08:09:09.180Z] ----------------------------------------------------------------------
[debug] [2025-04-14T08:09:09.193Z] Command:       C:\Program Files\nodejs\node.exe C:\Users\Rakshit Sharma\AppData\Roaming\npm\node_modules\firebase-tools\lib\bin\firebase.js init hosting
[debug] [2025-04-14T08:09:09.194Z] CLI Version:   14.1.0
[debug] [2025-04-14T08:09:09.194Z] Platform:      win32
[debug] [2025-04-14T08:09:09.195Z] Node Version:  v22.13.0
[debug] [2025-04-14T08:09:09.195Z] Time:          Mon Apr 14 2025 13:39:09 GMT+0530 (India Standard Time)
[debug] [2025-04-14T08:09:09.196Z] ----------------------------------------------------------------------
[debug] 
[debug] [2025-04-14T08:09:09.203Z] >>> [apiv2][query] GET https://firebase-public.firebaseio.com/cli.json [none]
[debug] [2025-04-14T08:09:09.298Z] > command requires scopes: ["email","openid","https://www.googleapis.com/auth/cloudplatformprojects.readonly","https://www.googleapis.com/auth/firebase","https://www.googleapis.com/auth/cloud-platform"]
[debug] [2025-04-14T08:09:09.298Z] > authorizing via signed-in user (rakshitsharma5269@gmail.com)
[info] 
     ######## #### ########  ######## ########     ###     ######  ########
     ##        ##  ##     ## ##       ##     ##  ##   ##  ##       ##
     ######    ##  ########  ######   ########  #########  ######  ######
     ##        ##  ##    ##  ##       ##     ## ##     ##       ## ##
     ##       #### ##     ## ######## ########  ##     ##  ######  ########

You're about to initialize a Firebase project in this directory:

  R:\ALL PROJECTS\LIBRARY MANAGEMENT

[debug] [2025-04-14T08:09:10.218Z] <<< [apiv2][status] GET https://firebase-public.firebaseio.com/cli.json 200
[debug] [2025-04-14T08:09:10.219Z] <<< [apiv2][body] GET https://firebase-public.firebaseio.com/cli.json {"cloudBuildErrorAfter":1594252800000,"cloudBuildWarnAfter":1590019200000,"defaultNode10After":1594252800000,"minVersion":"3.0.5","node8DeploysDisabledAfter":1613390400000,"node8RuntimeDisabledAfter":1615809600000,"node8WarnAfter":1600128000000}
[info] 
=== Project Setup
[info] 
[info] First, let's associate this project directory with a Firebase project.
[info] You can create multiple project aliases by running firebase use --add, 
[info] but for now we'll just set up a default project.
[info] 
[debug] [2025-04-14T08:09:50.714Z] Checked if tokens are valid: false, expires at: 1744496285617
[debug] [2025-04-14T08:09:50.715Z] Checked if tokens are valid: false, expires at: 1744496285617
[debug] [2025-04-14T08:09:50.715Z] > refreshing access token with scopes: []
[debug] [2025-04-14T08:09:50.717Z] >>> [apiv2][query] POST https://www.googleapis.com/oauth2/v3/token [none]
[debug] [2025-04-14T08:09:50.717Z] >>> [apiv2][body] POST https://www.googleapis.com/oauth2/v3/token [omitted]
[debug] [2025-04-14T08:09:51.195Z] <<< [apiv2][status] POST https://www.googleapis.com/oauth2/v3/token 200
[debug] [2025-04-14T08:09:51.195Z] <<< [apiv2][body] POST https://www.googleapis.com/oauth2/v3/token [omitted]
[debug] [2025-04-14T08:09:51.207Z] >>> [apiv2][query] GET https://firebase.googleapis.com/v1beta1/projects pageSize=100
[debug] [2025-04-14T08:09:52.301Z] <<< [apiv2][status] GET https://firebase.googleapis.com/v1beta1/projects 200
[debug] [2025-04-14T08:09:52.301Z] <<< [apiv2][body] GET https://firebase.googleapis.com/v1beta1/projects [omitted]
[info] i  Using project library-management-22f60 (library management) 
[info] 
=== Hosting Setup
[debug] [2025-04-14T08:09:56.029Z] Checked if tokens are valid: true, expires at: 1744621790195
[debug] [2025-04-14T08:09:56.029Z] Checked if tokens are valid: true, expires at: 1744621790195
[debug] [2025-04-14T08:09:56.030Z] >>> [apiv2][query] GET https://firebase.googleapis.com/v1beta1/projects/library-management-22f60 [none]
[debug] [2025-04-14T08:09:56.626Z] <<< [apiv2][status] GET https://firebase.googleapis.com/v1beta1/projects/library-management-22f60 200
[debug] [2025-04-14T08:09:56.626Z] <<< [apiv2][body] GET https://firebase.googleapis.com/v1beta1/projects/library-management-22f60 {"projectId":"library-management-22f60","projectNumber":"638000411360","displayName":"library management","name":"projects/library-management-22f60","resources":{"hostingSite":"library-management-22f60"},"state":"ACTIVE","etag":"1_d90d6b92-d1c7-446e-b57c-289845492aba"}
[info] 
[info] Your public directory is the folder (relative to your project directory) that
[info] will contain Hosting assets to be uploaded with firebase deploy. If you
[info] have a build process for your assets, use your build's output directory.
[info] 
[debug] [2025-04-14T08:10:20.101Z] >>> [apiv2][query] GET https://www.gstatic.com/firebasejs/releases.json [none]
[debug] [2025-04-14T08:10:20.247Z] <<< [apiv2][status] GET https://www.gstatic.com/firebasejs/releases.json 200
[debug] [2025-04-14T08:10:20.247Z] <<< [apiv2][body] GET https://www.gstatic.com/firebasejs/releases.json {"current":{"version":"11.6.0","browserURL":"https://www.gstatic.com/firebasejs/11.6.0/firebase.js","packageURL":"https://www.gstatic.com/firebasejs/11.6.0/firebase.tgz"},"live":{"version":"11.6","browserURL":"https://www.gstatic.com/firebasejs/live/11.6/firebase.js","packageURL":"https://www.gstatic.com/firebasejs/live/11.6/firebase.tgz"},"components":{"analytics":"https://www.gstatic.com/firebasejs/11.6.0/firebase-analytics.js","app":"https://www.gstatic.com/firebasejs/11.6.0/firebase-app.js","app-check":"https://www.gstatic.com/firebasejs/11.6.0/firebase-app-check.js","auth":"https://www.gstatic.com/firebasejs/11.6.0/firebase-auth.js","auth/cordova":"https://www.gstatic.com/firebasejs/11.6.0/firebase-auth/cordova.js","auth/web-extension":"https://www.gstatic.com/firebasejs/11.6.0/firebase-auth/web-extension.js","functions":"https://www.gstatic.com/firebasejs/11.6.0/firebase-functions.js","firestore":"https://www.gstatic.com/firebasejs/11.6.0/firebase-firestore.js","firestore/lite":"https://www.gstatic.com/firebasejs/11.6.0/firebase-firestore/lite.js","installations":"https://www.gstatic.com/firebasejs/11.6.0/firebase-installations.js","storage":"https://www.gstatic.com/firebasejs/11.6.0/firebase-storage.js","performance":"https://www.gstatic.com/firebasejs/11.6.0/firebase-performance.js","remote-config":"https://www.gstatic.com/firebasejs/11.6.0/firebase-remote-config.js","messaging":"https://www.gstatic.com/firebasejs/11.6.0/firebase-messaging.js","messaging/sw":"https://www.gstatic.com/firebasejs/11.6.0/firebase-messaging/sw.js","database":"https://www.gstatic.com/firebasejs/11.6.0/firebase-database.js","vertexai":"https://www.gstatic.com/firebasejs/11.6.0/firebase-vertexai.js","data-connect":"https://www.gstatic.com/firebasejs/11.6.0/firebase-data-connect.js","firestore.memory":"https://www.gstatic.com/firebasejs/11.6.0/firebase-firestore.memory.js"}}
[info] +  Wrote public/index.html 
[info] 
[info] i  Didn't detect a .git folder. Assuming R:\ALL PROJECTS\LIBRARY MANAGEMENT is the project root. 
[info] i  Authorizing with GitHub to upload your service account to a GitHub repository's secrets store. 
[info] 
[info] Visit this URL on this device to log in:
[info] https://github.com/login/oauth/authorize?client_id=89cf50f02ac6aaed3484&state=346761739&redirect_uri=http%3A%2F%2Flocalhost%3A9005&scope=read%3Auser%20repo%20public_repo
[info] 
[info] Waiting for authentication...
[debug] [2025-04-14T08:13:50.658Z] >>> [apiv2][query] POST https://github.com/login/oauth/access_token [none]
[debug] [2025-04-14T08:13:50.659Z] >>> [apiv2][body] POST https://github.com/login/oauth/access_token [stream]
[debug] [2025-04-14T08:13:51.784Z] <<< [apiv2][status] POST https://github.com/login/oauth/access_token 200
[debug] [2025-04-14T08:13:51.784Z] <<< [apiv2][body] POST https://github.com/login/oauth/access_token {"access_token":"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","token_type":"bearer","scope":"read:user,repo"}
[debug] [2025-04-14T08:13:51.791Z] >>> [apiv2][query] GET https://api.github.com/user [none]
[debug] [2025-04-14T08:13:53.056Z] <<< [apiv2][status] GET https://api.github.com/user 200
[debug] [2025-04-14T08:13:53.057Z] <<< [apiv2][body] GET https://api.github.com/user {"login":"Rakshit-9999","id":150055691,"node_id":"U_kgDOCPGrCw","avatar_url":"https://avatars.githubusercontent.com/u/150055691?v=4","gravatar_id":"","url":"https://api.github.com/users/Rakshit-9999","html_url":"https://github.com/Rakshit-9999","followers_url":"https://api.github.com/users/Rakshit-9999/followers","following_url":"https://api.github.com/users/Rakshit-9999/following{/other_user}","gists_url":"https://api.github.com/users/Rakshit-9999/gists{/gist_id}","starred_url":"https://api.github.com/users/Rakshit-9999/starred{/owner}{/repo}","subscriptions_url":"https://api.github.com/users/Rakshit-9999/subscriptions","organizations_url":"https://api.github.com/users/Rakshit-9999/orgs","repos_url":"https://api.github.com/users/Rakshit-9999/repos","events_url":"https://api.github.com/users/Rakshit-9999/events{/privacy}","received_events_url":"https://api.github.com/users/Rakshit-9999/received_events","type":"User","user_view_type":"private","site_admin":false,"name":"Rakshit sharma","company":null,"blog":"","location":null,"email":null,"hireable":null,"bio":null,"twitter_username":null,"notification_email":null,"public_repos":6,"public_gists":0,"followers":0,"following":0,"created_at":"2023-11-06T15:34:07Z","updated_at":"2025-04-14T08:12:54Z","private_gists":0,"total_private_repos":0,"owned_private_repos":0,"disk_usage":22,"collaborators":0,"two_factor_authentication":false,"plan":{"name":"free","space":976562499,"collaborators":0,"private_repos":10000}}
[info] 
[info] +  Success! Logged into GitHub as Rakshit-9999 
[info] 
[debug] [2025-04-14T08:19:33.234Z] >>> [apiv2][query] GET https://api.github.com/repos/library-management/actions/secrets/public-key type=owner
[debug] [2025-04-14T08:19:33.816Z] <<< [apiv2][status] GET https://api.github.com/repos/library-management/actions/secrets/public-key 404
[debug] [2025-04-14T08:19:33.816Z] <<< [apiv2][body] GET https://api.github.com/repos/library-management/actions/secrets/public-key {"message":"Not Found","documentation_url":"https://docs.github.com/rest","status":"404"}
[info] 
[info] 
[error] !  The provided authorization cannot be used with this repository. If this repository is in an organization, did you remember to grant access? 
[info] 
[info] i  Action required: Visit this URL to ensure access has been granted to the appropriate organization(s) for the Firebase CLI GitHub OAuth App: 
[info] https://github.com/settings/connections/applications/89cf50f02ac6aaed3484
[info] 
